// Vitest Snapshot v1, https://vitest.dev/guide/snapshot.html

exports[`it should fetch an RSS feed with caching 1`] = `
[
  {
    "date": 2024-07-01T00:00:00.000Z,
    "preview": "TIL: Using Twoslash with Shiki and Astro",
    "source": {
      "title": "Jerred Shepherd",
      "url": "https://sjer.red/rss.xml",
    },
    "title": "TIL: Using Twoslash with Shiki and  Astro",
    "url": "https://sjer.red/blog/til/2024-07-01/",
  },
]
`;

exports[`it should fetch an RSS feed without caching 1`] = `
[
  {
    "date": 2024-07-01T00:00:00.000Z,
    "preview": "TIL: Using Twoslash with Shiki and Astro",
    "source": {
      "title": "Jerred Shepherd",
      "url": "https://sjer.red/rss.xml",
    },
    "title": "TIL: Using Twoslash with Shiki and  Astro",
    "url": "https://sjer.red/blog/til/2024-07-01/",
  },
]
`;

exports[`it should fetch several RSS feeds 1`] = `
[
  {
    "date": 2024-06-16T00:00:00.000Z,
    "preview": "There've been regular viral stories about ML/AI bias with LLMs and generative AI for the past couple years. One thing I find interesting about discussions of bias is how different the reaction is in the LLM and generative AI case when compared to "classical" bugs in cases where there's a clear bug. ...",
    "source": {
      "title": "Dan Luu",
      "url": "https://danluu.com/atom.xml",
    },
    "title": "A discussion of discussions on AI bias",
    "url": "https://danluu.com/ai-bias/",
  },
  {
    "date": 2024-05-24T00:00:00.000Z,
    "preview": "I needed a bit of a break from “real work” recently, so I started a new programming project that was low-stakes and purely recreational. On April 21st, I set out to see how much of a Unix-like operating system for x86_64 targets that I could put together in about a month. The result is Bunnix. Not i...",
    "source": {
      "title": "Drew DeVault",
      "url": "https://drewdevault.com/blog/index.xml",
    },
    "title": "Writing a Unix clone in about a month",
    "url": "https://drewdevault.com/2024/05/24/2024-05-24-Bunnix.html",
  },
]
`;
